007D00 .fa1boxtxt00
007922 .uitxt_filenamebox
00790B .uitxt_samplebox
0078C4 .tvboxtxt63
00787D .tvboxtxt62
007836 .tvboxtxt61
0077EF .tvboxtxt60
0077A8 .tvboxtxt59
007761 .tvboxtxt58
00771A .tvboxtxt57
0076D3 .tvboxtxt56
00768C .tvboxtxt55
007645 .tvboxtxt54
0075FE .tvboxtxt53
0075B7 .tvboxtxt52
007570 .tvboxtxt51
007529 .tvboxtxt50
0074E2 .tvboxtxt49
00749B .tvboxtxt48
007454 .tvboxtxt47
00740D .tvboxtxt46
0073C6 .tvboxtxt45
00737F .tvboxtxt44
007338 .tvboxtxt43
0072F1 .tvboxtxt42
0072AA .tvboxtxt41
007263 .tvboxtxt40
00721C .tvboxtxt39
0071D5 .tvboxtxt38
00718E .tvboxtxt37
007147 .tvboxtxt36
007100 .tvboxtxt35
0070B9 .tvboxtxt34
007072 .tvboxtxt33
00702B .tvboxtxt32
006FE4 .tvboxtxt31
006F9D .tvboxtxt30
006F56 .tvboxtxt29
006F0F .tvboxtxt28
006EC8 .tvboxtxt27
006E81 .tvboxtxt26
006E3A .tvboxtxt25
006DF3 .tvboxtxt24
006DAC .tvboxtxt23
006D65 .tvboxtxt22
006D1E .tvboxtxt21
006CD7 .tvboxtxt20
006C90 .tvboxtxt19
006C49 .tvboxtxt18
006C02 .tvboxtxt17
006BBB .tvboxtxt16
006B74 .tvboxtxt15
006B2D .tvboxtxt14
006AE6 .tvboxtxt13
006A9F .tvboxtxt12
006A58 .tvboxtxt11
006A11 .tvboxtxt10
0069CA .tvboxtxt9
006983 .tvboxtxt8
00693C .tvboxtxt7
0068F5 .tvboxtxt6
0068AE .tvboxtxt5
006867 .tvboxtxt4
006820 .tvboxtxt3
0067D9 .tvboxtxt2
006792 .tvboxtxt1
00674B .tvboxtxt0
0066C9 .tvboxtxt
0066B1 .la1boxtxt31
006699 .la1boxtxt30
006681 .la1boxtxt29
006669 .la1boxtxt28
006651 .la1boxtxt27
006639 .la1boxtxt26
006621 .la1boxtxt25
006609 .la1boxtxt24
0065F1 .la1boxtxt23
0065D9 .la1boxtxt22
0065C1 .la1boxtxt21
0065A9 .la1boxtxt20
006591 .la1boxtxt19
006579 .la1boxtxt18
006561 .la1boxtxt17
006549 .la1boxtxt16
006531 .la1boxtxt15
006519 .la1boxtxt14
006501 .la1boxtxt13
0064E9 .la1boxtxt12
0064D1 .la1boxtxt11
0064B9 .la1boxtxt10
0064A1 .la1boxtxt9
006489 .la1boxtxt8
006471 .la1boxtxt7
006459 .la1boxtxt6
006441 .la1boxtxt5
006429 .la1boxtxt4
006411 .la1boxtxt3
0063F9 .la1boxtxt2
0063E1 .la1boxtxt1
0063C9 .la1boxtxt0
006387 .la1boxtxt
006381 .uitxt_paddley
00637B .uitxt_paddlex
006372 .uitxt_radiobutton
006369 .uitxt_checkbox
006357 .uitxt_status
006353 .uitxt_bpm
00634C .uitxt_sample
006347 .uitxt_edit
00633F .uitxt_samples
006333 .uitxt_instruments
00632D .uitxt_songs
006323 .uitxt_repeatlen
00631C .uitxt_repeat
006315 .uitxt_length
00630E .uitxt_volume
006305 .uitxt_finetune
006300 .uitxt_save
00624D .userfunc_openfile
007941 .fa1directorytxt
007A00 .fa1boxtxt
006247 .filebox1_functions
00623D .fa1scrollbar_functions
006225 .tabgroup1_data
006221 .filetabgroup1_data
006229 .fa1scrollbar_data
006208 .fa1scrollbartrack
006233 .fa1filebox_data
0061F0 .fa1filebox
0061F0 .filearea1elements
0061D7 .fa1nineslice
0061D7 .window0area
0061BE .ui_windows0
0061BE .windows
0061A5 .root
006140 .uigroup_update
00608C .uitab_drawlabel
00600A .uitab_drawactive
00604B .uitab_drawinactive
005F19 .uitextbox_drawreleased
005EF7 .uitextbox_drawbkgreleased
005ECA .end
005EC9 .negtive
005E97 .end
005E96 .negtive
005E5E .end
005E5D .negtive
005E2C .end
005E2B .negtive
005DB7 .uitextbox_backspacetext
005E00 .uitextbox_decreasecursorxpos
005F43 .uitextbox_updatecursor
005E16 .uitextbox_confine_cursor
005DEA .uitextbox_increasecursorxpos
005D57 .uitextbox_inserttext
005CD8 .uitextbox_keypress_alphanumericpunctuation
005CCB .uitextbox_keypress_noncontrol
005CDC .uitextbox_keypress_control
005C6D .uitextbox_resetqvalues
005C65 .uitextbox_denominator
005C5D .uitextbox_numerator
005C55 .uitextbox_boxwidth
005C4D .uitextbox_startpos
005C49 .uitextbox_cursorpos
005C41 .uitextbox_textlength
005B50 .uifilebox_drawemptyline
005AC9 .uifilebox_drawfile
005B25 .uifilebox_drawdirectory
005B73 .ufb_fontcolour
005B72 .ufb_font
005A49 .uifilebox_drawlistreleased_loop
00596B .uifilebox_processdirentry
00594D .uifilebox_confine
005949 .uifilebox_decrease_selection
005945 .uifilebox_increase_selection
005906 .uifilebox_getstringptr
0059F4 .uifilebox_drawlistreleased
005902 .uifilebox_endaddentries
005951 .uifilebox_processdirentry_file
00595E .uifilebox_processdirentry_directory
0058FE .uifilebox_startaddentries
0058C1 .uifilebox_keypress_end
0058C6 .uifilebox_opendir
00589B .uifilebox_filenameextensionpos
005897 .uifilebox_numerator
005895 .uifilebox_current_draw_posx2
005893 .uifilebox_current_draw_pos
005891 .uifilebox_startpos
00588F .uifilebox_selected_index
00585C .uilistbox_drawlistitem_skipbox
0057DB .uilistbox_drawlistitem
0057B7 .uilistbox_drawemptyline
00588E .ulb_fontcolour
00588D .ulb_font
005760 .end
00575F .notsame
005692 .uilistbox_getstringptr
005688 .uilistbox_endaddentries
00565F .uilistbox_addentry
00562C .uilistbox_startaddentries
005606 .end
005605 .negtive
0055D3 .end
0055D2 .negtive
005595 .end
005594 .negtive
00555E .end
00555D .negtive
0054F7 .uilistbox_setselectedindex
00573C .uilistbox_drawlistreleased
0056E9 .uilistbox_startdrawlistreleased
0056BD .uilistbox_drawbkgreleased
00552D .uilistbox_decrease_selection
005543 .uilistbox_confine
005517 .uilistbox_increase_selection
005456 .uilistbox_resetqvalues
005452 .uilistbox_denominator
00544E .uilistbox_numerator
00544A .uilistbox_current_draw_posx2
005446 .uilistbox_current_draw_pos
005442 .uilistbox_listheight
00543E .uilistbox_numentries
00543A .uilistbox_startpos
005436 .uilistbox_selected_index
0053B4 .uinineslice_drawreleased
005351 .uislider_draw_released_puck
005325 .uislider_draw_released
0052CE .end
0052C4 .plus
0052B2 .nnegtive
0052AD .negtive
0052A1 .end
005297 .pos
005280 .end
005276 .pos
00525F .end
005256 .plus
005245 .nnegtive
005240 .negtive
005208 .end
0051FE .pos
0051E7 .end
0051DD .pos
0050FA .end
0050F9 .negtive
0050D5 .end
0050D4 .negtive
00509C .end
00509B .negtive
005083 .uiscrolltrack_confine
00505D .end
005053 .plus
005041 .nnegtive
00503C .negtive
005030 .end
005026 .pos
00500F .end
005005 .pos
004FEE .end
004FE5 .plus
004FD4 .nnegtive
004FCF .negtive
004F97 .end
004F8D .pos
004F76 .end
004F6C .pos
005171 .uiscrolltrack_draw_released_puck
00510A .uiscrolltrack_draw_released
004EB5 .uiscrolltrack_resetqvalues
004EB1 .uiscrolltrack_denominator
004EAD .uiscrolltrack_numerator
004EA9 .uiscrolltrack_listheight
004EA5 .uiscrolltrack_height
004EA1 .uiscrolltrack_numentries
004E9D .uiscrolltrack_startpos
004DE3 .uicnumericbutton_storevalue
004D94 .uicnumericbutton_increase
004E22 .uicnumericbutton_redraw
004DAE .uicnumericbutton_decrease
004D30 .uicnumericbutton_temp
004D2F .uicnumericbutton_valuetoaddsubtract
004D2B .uicnumericbutton_numberofbytes
004C29 .uicbutton_draw_pressed
004BA5 .uicbutton_draw_released
004A2C .uiglyphbutton_drawreleased
0049B8 .uiglyphbutton_colour
00495E .uibutton_draw_pressed
00498B .uibutton_draw_released
0048BF .uihexlabel_numberofbytes
004848 .uecusf5
00484E .uielement_calluserfunc_end
004840 .uecusf4
004839 .uecusf3
00482F .uecusf2
004829 .uecusf1
0047F8 .uielement_calluserfunc
0047E7 .uecuf5
0047ED .uielement_calluifunc_end
0047DF .uecuf4
0047D8 .uecuf3
0047CE .uecuf2
0047C8 .uecuf1
004797 .uielement_calluifunc
004795 .rzpptr0
0046C3 .uikeyboard_handle_release
004661 .ukb_handlereleaseeventloop
004637 .ukhe_handlechildren
0046B2 .uikeyboard_handle_press
00460B .ukb_handlepressedeventloop
004606 .ukb_handlepressedevent_recursive
00465C .ukb_handlereleaseevent_recursive
0045EB .uikeyboard_handlepressevent
0045D0 .uikeyboard_handlereleaseevent
00454B .uikeyboard_setcursorpos
004542 .uikeyboard_enablecursor
00452C .uikeyboard_cursorypos_plusborder
00452A .uikeyboard_cursorxpos_plusborder
004528 .uikeyboard_cursorypos
004526 .uikeyboard_cursorxpos
0044F9 .uimouse_calculate_pospressed_in_uielement
0044CE .uimouse_calculate_pos_in_uielement
004539 .uikeyboard_disablecursor
0044C7 .uimouse_checkflags
004457 .uimouse_handle_release
0044A6 .uimouse_handle_press
004416 .uimhe_notpressed
0044BD .uimouse_handle_longpress
00440C .uimh_notlongpressed
004486 .uimouse_handle_doubleclick
004402 .uimh_notdoubleclicked
004443 .uimouse_handle_move
0043F8 .uimhe_notmoved
0043F4 .uimhe_mouse_moved
00441E .uimhe_handle_children
00444D .uimouse_handle_enter
0043C3 .uimhe_notentered
0043B8 .uimhe_entered
00438B .uimhe_loop_prehoverwindows
004342 .uimouse_handle_event_loop
0042ED .uimouse_test_minmax
00433D .uimouse_handle_event
0043D2 .uimhe_handle_captured
004231 .uimouse_update_sprite
00421F .uimouse_disablecursor
004212 .uimouse_captured_element
004112 .uimouse_prevhoverwindows
004012 .uimouse_hoverwindows
004010 .uimouse_uielement_ypos_pressed
00400E .uimouse_uielement_xpos_pressed
00400C .uimouse_uielement_ypos
00400A .uimouse_uielement_xpos
003F8C .uidebug_drawelement
003F8B .uidebug_debugcolour
003F17 .hextodec_normalized
003F07 .hextodec
0045BA .uikeyboard_update
00427D .uimouse_update
003EE3 .ueqe1
003EC4 .ui_eventqueue_execute
003EA1 .ui_eventqueue_add
003DA1 .ui_eventqueue
003D9F .ui_eventqueue_function
003D9D .ui_eventqueue_element
003D9C .ui_eventqueue_index
003D40 .ui_draw_window_loop
003CD5 .ui_layout_window_loop
003C7C .ui_setflags_recursive_loop
003C77 .ui_setflags_recursive
003C44 .ui_setflags
003BE8 .ui_setselectiveflags_recursive_loop
003BE2 .tabdrawend
003BA1 .tabdrawloop
003BE3 .ui_setselectiveflags_recursive
003B9C .tabflagend
003B45 .tabflagloop
003B05 .ui_setselectiveflags
003AD4 .uistack_popparent
003AA3 .uistack_pushparent
003AA2 .ui_setflagindex
003AA1 .ui_currentflag
003AA0 .ui_flagtoclear
003A9F .ui_flagtoset
00399F .uistack
00399E .uistackptr
00399B .uielement_temp
00399A .uielement_prevhoverwindowcounter
003998 .uielement_counter
003997 .uielementlist_counter
003995 .uielement_parent_ptr
003993 .uielementlist_ptr
003D3B .ui_draw_windows
003CD0 .ui_layout_windows
003999 .uielement_hoverwindowcounter
004524 .uikeyboard_focuselement
003991 .uielement_ptr
0061A5 .ui_root1
003925 .ntsc
00392F .pal
003941 .verticalcenter
00452E .uikeyboard_init
004214 .uimouse_init
004228 .uimouse_enablecursor
0037D2 .uidraw_deflate
0037C9 .uidraw_resetoffsets
003F59 .times160tablehi
003F27 .times160tablelo
00374E .uidraw_set_draw_position
003733 .uidraw_increase_row
003806 .clearscreenjob
00370E .uidraw_clearscreen
00370D .uidraw_ydeflate
00370C .uidraw_xdeflate
00370B .uidraw_yposoffset
00370A .uidraw_xposoffset
003709 .uidraw_height
003708 .uidraw_width
003707 .uidraw_ypos
003706 .uidraw_xpos
0036C1 .uirect_deflate
00399D .uielement_layoutypos
00399C .uielement_layoutxpos
00362B .uirect_calcminmax
00362A .uirect_ydeflate
003629 .uirect_xdeflate
003529 .ui_bkgtextremap
003429 .ui_textremap
003418 .ui_getelementdataptr_tmp
0033FD .ui_getelementdata_2
006178 .uidivider_keyrelease
00613F .uigroup_keyrelease
005FB9 .uitab_keyrelease
005D11 .uitextbox_keyrelease
005C0F .uiimage_keyrelease
005BCE .uiradiobutton_keyrelease
005B81 .uicheckbox_keyrelease
0058C2 .uifilebox_keyrelease
0054DB .uilistbox_keyrelease
0053B3 .uinineslice_keyrelease
005371 .uilabel_keyrelease
0052FD .uislider_keyrelease
004EF2 .uiscrolltrack_keyrelease
004D4C .uicnumericbutton_keyrelease
004CD9 .uictextbutton_keyrelease
004B16 .uicbutton_keyrelease
004A1C .uiglyphbutton_keyrelease
00495D .uibutton_keyrelease
004930 .uiwindow_keyrelease
0048CA .uihexlabel_keyrelease
0048BE .uidebugelement_keyrelease
00488A .uiroot_keyrelease
004794 .uielement_keyrelease
0033CD .uieventptrs_keyrelease
0033BA .uievent_keyrelease
006178 .uidivider_keypress
00613E .uigroup_keypress
005FB8 .uitab_keypress
005CC1 .uitextbox_keypress
005C0E .uiimage_keypress
005BCD .uiradiobutton_keypress
005B80 .uicheckbox_keypress
0058B4 .uifilebox_keypress
0054BC .uilistbox_keypress
0053B2 .uinineslice_keypress
005370 .uilabel_keypress
0052FD .uislider_keypress
004EF1 .uiscrolltrack_keypress
004D4B .uicnumericbutton_keypress
004CC9 .uictextbutton_keypress
004B15 .uicbutton_keypress
004A0C .uiglyphbutton_keypress
00495C .uibutton_keypress
00492F .uiwindow_keypress
0048C9 .uihexlabel_keypress
0048BD .uidebugelement_keypress
004886 .uiroot_keypress
004793 .uielement_keypress
00338A .uieventptrs_keypress
003377 .uievent_keypress
006178 .uidivider_move
00613D .uigroup_move
005FB7 .uitab_move
005CC0 .uitextbox_move
005C0D .uiimage_move
005BCC .uiradiobutton_move
005B7F .uicheckbox_move
0058B0 .uifilebox_move
0054B5 .uilistbox_move
0053B1 .uinineslice_move
00536F .uilabel_move
0052F0 .uislider_move
004EE8 .uiscrolltrack_move
004D4A .uicnumericbutton_move
004CC8 .uictextbutton_move
004B14 .uicbutton_move
004A0B .uiglyphbutton_move
00495B .uibutton_move
00492E .uiwindow_move
0048C8 .uihexlabel_move
0048BC .uidebugelement_move
004882 .uiroot_move
004792 .uielement_move
003347 .uieventptrs_move
003334 .uievent_move
006178 .uidivider_doubleclick
00613B .uigroup_doubleclick
005FBC .uitab_doubleclick
005D55 .uitextbox_doubleclick
005C12 .uiimage_doubleclick
005BD1 .uiradiobutton_doubleclick
005BA8 .uicheckbox_doubleclick
0058F3 .uifilebox_doubleclick
0054B8 .uilistbox_doubleclick
0053AF .uinineslice_doubleclick
005374 .uilabel_doubleclick
0052FD .uislider_doubleclick
004EF3 .uiscrolltrack_doubleclick
004D93 .uicnumericbutton_doubleclick
004CEE .uictextbutton_doubleclick
004B91 .uicbutton_doubleclick
0049FC .uiglyphbutton_doubleclick
004950 .uibutton_doubleclick
00492C .uiwindow_doubleclick
00490C .uihexlabel_doubleclick
0048BA .uidebugelement_doubleclick
00487A .uiroot_doubleclick
004788 .uielement_doubleclick
003304 .uieventptrs_doubleclick
0032F1 .uievent_doubleclick
006174 .uidivider_release
00613C .uigroup_release
0060BB .uitab_release
005D56 .uitextbox_release
005C13 .uiimage_release
005BF4 .uiradiobutton_release
005BA9 .uicheckbox_release
0058F7 .uifilebox_release
0054F0 .uilistbox_release
0053B0 .uinineslice_release
005375 .uilabel_release
0052F9 .uislider_release
004EF4 .uiscrolltrack_release
004D92 .uicnumericbutton_release
004D24 .uictextbutton_release
004B92 .uicbutton_release
0049FD .uiglyphbutton_release
004954 .uibutton_release
00492D .uiwindow_release
00490D .uihexlabel_release
0048BB .uidebugelement_release
00487E .uiroot_release
004789 .uielement_release
0032C1 .uieventptrs_release
0032AE .uievent_release
006178 .uidivider_longpress
00613A .uigroup_longpress
005FBB .uitab_longpress
005D54 .uitextbox_longpress
005C11 .uiimage_longpress
005BD0 .uiradiobutton_longpress
005BA7 .uicheckbox_longpress
0058F2 .uifilebox_longpress
0054B7 .uilistbox_longpress
0053AE .uinineslice_longpress
005373 .uilabel_longpress
0052FD .uislider_longpress
004EE3 .uiscrolltrack_longpress
004D6F .uicnumericbutton_longpress
004CED .uictextbutton_longpress
004B90 .uicbutton_longpress
0049FB .uiglyphbutton_longpress
00494F .uibutton_longpress
00492B .uiwindow_longpress
00490B .uihexlabel_longpress
0048B9 .uidebugelement_longpress
004879 .uiroot_longpress
004787 .uielement_longpress
00327E .uieventptrs_longpress
00326B .uievent_longpress
006178 .uidivider_press
006139 .uigroup_press
005FBA .uitab_press
005D12 .uitextbox_press
005C10 .uiimage_press
005BCF .uiradiobutton_press
005BA6 .uicheckbox_press
0058EE .uifilebox_press
0054B6 .uilistbox_press
0053AD .uinineslice_press
005372 .uilabel_press
005305 .uislider_press
004EFF .uiscrolltrack_press
004D4D .uicnumericbutton_press
004CE9 .uictextbutton_press
004B8C .uicbutton_press
0049EF .uiglyphbutton_press
004943 .uibutton_press
00492A .uiwindow_press
00490A .uihexlabel_press
0048B8 .uidebugelement_press
004878 .uiroot_press
00477B .uielement_press
00323B .uieventptrs_press
003228 .uievent_press
006170 .uidivider_leave
006105 .uigroup_leave
005FB6 .uitab_leave
005CBF .uitextbox_leave
005C0C .uiimage_leave
005BCB .uiradiobutton_leave
005B7B .uicheckbox_leave
0058AC .uifilebox_leave
0054B4 .uilistbox_leave
0053A5 .uinineslice_leave
00536E .uilabel_leave
0052EC .uislider_leave
004EE4 .uiscrolltrack_leave
004D49 .uicnumericbutton_leave
004CC4 .uictextbutton_leave
004B0D .uicbutton_leave
0049C6 .uiglyphbutton_leave
004938 .uibutton_leave
004928 .uiwindow_leave
0048C7 .uihexlabel_leave
0048A3 .uidebugelement_leave
004873 .uiroot_leave
004779 .uielement_leave
0031F8 .uieventptrs_leave
0031E5 .uievent_leave
006178 .uidivider_enter
006101 .uigroup_enter
005FB5 .uitab_enter
005CBE .uitextbox_enter
005C0B .uiimage_enter
005BCA .uiradiobutton_enter
005B7A .uicheckbox_enter
0058A8 .uifilebox_enter
0054B3 .uilistbox_enter
0053A1 .uinineslice_enter
00536D .uilabel_enter
0052FD .uislider_enter
004EE2 .uiscrolltrack_enter
004D45 .uicnumericbutton_enter
004CC0 .uictextbutton_enter
004B09 .uicbutton_enter
0049C2 .uiglyphbutton_enter
004937 .uibutton_enter
004927 .uiwindow_enter
0048C6 .uihexlabel_enter
004897 .uidebugelement_enter
00486F .uiroot_enter
004762 .uielement_enter
0031B5 .uieventptrs_enter
0031A2 .uievent_enter
006178 .uidivider_focus
0060FD .uigroup_focus
005FB4 .uitab_focus
005CBD .uitextbox_focus
005C0A .uiimage_focus
005BC9 .uiradiobutton_focus
005B79 .uicheckbox_focus
0058A4 .uifilebox_focus
0054B2 .uilistbox_focus
00539D .uinineslice_focus
00536C .uilabel_focus
0052FD .uislider_focus
004EE1 .uiscrolltrack_focus
004D44 .uicnumericbutton_focus
004CBF .uictextbutton_focus
004B08 .uicbutton_focus
0049BE .uiglyphbutton_focus
004936 .uibutton_focus
004923 .uiwindow_focus
0048C5 .uihexlabel_focus
004893 .uidebugelement_focus
00486B .uiroot_focus
004761 .uielement_focus
003172 .uieventptrs_focus
00315F .uievent_focus
006178 .uidivider_hide
0060FC .uigroup_hide
005FB3 .uitab_hide
005CBC .uitextbox_hide
005C09 .uiimage_hide
005BC8 .uiradiobutton_hide
005B78 .uicheckbox_hide
0058A3 .uifilebox_hide
0054B1 .uilistbox_hide
00539C .uinineslice_hide
00536B .uilabel_hide
0052FD .uislider_hide
004EE0 .uiscrolltrack_hide
004D43 .uicnumericbutton_hide
004CBE .uictextbutton_hide
004B07 .uicbutton_hide
0049BD .uiglyphbutton_hide
004935 .uibutton_hide
00491F .uiwindow_hide
0048C4 .uihexlabel_hide
004892 .uidebugelement_hide
00486A .uiroot_hide
004725 .uielement_hide
00312F .uieventptrs_hide
00311C .uievent_hide
006179 .uidivider_draw
006109 .uigroup_draw
005FBD .uitab_draw
005EF0 .uitextbox_draw
005C14 .uiimage_draw
005BD2 .uiradiobutton_draw
005B82 .uicheckbox_draw
0058E7 .uifilebox_draw
0054E6 .uilistbox_draw
0053A9 .uinineslice_draw
005376 .uilabel_draw
0052FE .uislider_draw
004EF8 .uiscrolltrack_draw
004E1F .uicnumericbutton_draw
004CF2 .uictextbutton_draw
004B17 .uicbutton_draw
0049CA .uiglyphbutton_draw
00493F .uibutton_draw
004929 .uiwindow_draw
0048CB .uihexlabel_draw
0048AF .uidebugelement_draw
004877 .uiroot_draw
00477A .uielement_draw
0030EC .uieventptrs_draw
0030D9 .uievent_draw
00616C .uidivider_layout
0060EB .uigroup_layout
005FAF .uitab_layout
005CB8 .uitextbox_layout
005C05 .uiimage_layout
005BC4 .uiradiobutton_layout
005B74 .uicheckbox_layout
00589C .uifilebox_layout
0054AD .uilistbox_layout
005398 .uinineslice_layout
005367 .uilabel_layout
0052E8 .uislider_layout
004EDC .uiscrolltrack_layout
004D32 .uicnumericbutton_layout
004CAD .uictextbutton_layout
004AF6 .uicbutton_layout
0049B9 .uiglyphbutton_layout
004931 .uibutton_layout
00490E .uiwindow_layout
0048C0 .uihexlabel_layout
00488E .uidebugelement_layout
004859 .uiroot_layout
0046D4 .uielement_layout
0030A9 .uieventptrs_layout
003096 .uievent_layout
003076 .ui_element_indiceshi
003056 .ui_element_indiceslo
003052 .q160
003051 .uicounter
002EF2 .audiodma_volume
002FE5 .audiodma_freqh
002F79 .audiodma_freqm
002F0D .audiodma_freql
002ED6 .audiodma_sampleend2
002ED1 .audiodma_sampleend1
002ECC .audiodma_samplestart3
002EC7 .audiodma_samplestart2
002EC2 .audiodma_samplestart1
002EBA .audiodma_playsample
002EB9 .audiodma_channel
002EA8 .keyboard_endchecks
002E6A .keyboard_somethingpressed
002E8F .keyboard_nothingpressed
002EA9 .keyboard_set_keypressed
002DF7 .keyboard_testkeysloop
002DD7 .keyboard_testmatrixloop
002DD5 .keyboard_update
002DC9 .keyboard_asciiisnumeric
002DBD .keyboard_asciiisalpha
002DA7 .keyboard_asciiishex
002D57 .keyboard_toascii
002D07 .keyboard_keytypes
002CFE .keyboard_columnkeys
002CFD .keyboard_keypressedtimer
002CFC .keyboard_releasedeventarg
002CFB .keyboard_pressedeventarg
002CFA .keyboard_shouldsendreleaseevent
002CF9 .keyboard_shouldsendpressevent
002CF8 .keyboard_prevpressed
002CF7 .keyboard_pressed
002CEA .sdc_d81attach0_error
002CD2 .sdc_d81attach0
002CD1 .sdc_cwd
002CB7 .sdc_openfile
002C9D .sdc_chdir
002C76 .sdc_processdirentryptr
002C7D .sdcod2
002C6C .sdcod1
002C8A .sdc_opendir_error
002C59 .sdc_opendir
002C56 .mcd_zero
002C3D .mcd_negative
002C17 .mcynegative
002BF2 .mcxnegative
002B99 .mouse_event_doubleclicked
002B92 .mouse_event_startreleasedtimer
002BD4 .mouse_check_end
002BA0 .mouse_event_pressed
002BFB .mouse_constrain_y
002BDA .mouse_constrain_x
002C20 .mouse_count_delta
002AA1 .mouse_update
002A9F .mouse_longpressedtimer
002A9E .mouse_pressedtimer
002A9D .mouse_doubleclickthreshold
002A9C .mouse_released_timer
002A9B .mouse_doubleclicked
002A9A .mouse_released
002A99 .mouse_longpressed
002A98 .mouse_held
002A97 .mouse_pressed
002A95 .mouse_ypos_pressed
002A93 .mouse_prevypos
002A91 .mouse_ypos
002A8F .mouse_ypos_plusborder
002A8D .mouse_xpos_pressed
002A8B .mouse_prevxpos
002A89 .mouse_xpos
002A87 .mouse_xpos_plusborder
002A86 .mouse_paddley
002A85 .mouse_paddlex
002A84 .mouse_d41a
002A83 .mouse_d419
002A82 .mouse_temp2
002A81 .mouse_temp1
002A61 .mouse_delta_adjust
002A51 .fl_sector_read_dmalist
002A2B .fl_data_read_dmalist
0029C0 .fl_2nd_half_partial_sector
0029CB .fl_2nd_half_full_sector
0029CB .fl_dma_read_bytes
00299F .fl_1st_half_partial_sector
0029AA .fl_1st_half_full_sector
002A32 .fl_read_page
00298C .fl_read_from_first_half
0029AD .fl_read_from_second_half
002A30 .fl_bytes_to_copy
002973 .fl_on_second_side
00294A .fl_logical_to_physical_sector
002943 .fl_not_end_of_file
002938 .fl_step_track
00292C .fl_not_prev_sector
0028F9 .fl_step_out
002902 .fl_step_in
00290B .fl_on_correct_track
0028E0 .fl_load_next_dir_sector
0028CA .fl_checked_both_halves
0028B6 .fl_end_of_name
00293D .fl_read_next_sector
002897 .fl_file_in_2nd_logical_sector
002881 .fl_found_file
0028AD .fl_filename_differs
002873 .fl_check_loop_inner
002871 .fl_filenamecheckloop
00286F .fl_check_logical_sector
002873 .fl_buffaddr
00285C .fl_stop_collect_dir_entries
002832 .fl_cde_checked_both_halves
0027F0 .fl_cde_loop
002A3C .fl_copy_sector_to_buffer
00289E .fl_got_file_track_and_sector
0027E2 .next_entry
0027C4 .fl_fde_loop
0027BC .fl_find_dir_entry
0027BB .fl_char1
0027BA .fl_char0
0027E9 .fl_cde_idx
00280A .fl_cde_buffaddr4
002802 .fl_cde_buffaddr3
0027FA .fl_cde_buffaddr2
0027F2 .fl_cde_buffaddr1
00276F .fl_read_dir_for_ui
0028E4 .fl_read_sector
00274E .fl_select_side0
002743 .fl_select_side1
00273D .fl_not_on_track_0
0027EA .fl_collect_dir_entries
002780 .fl_new_dir_request
0028EF .fl_reading_sector
00272D .fl_seek_track_0
00297D .fl_read_file_block
002862 .fl_directory_scan
002759 .fl_new_request
00272C .fl_idle
00271C .fl_jumptable
002717 .fl_job_ok
002712 .fl_not_in_error_state
00270C .fl_fdc_not_busy
002706 .todo
002600 .fastload_directory_entries
0023E0 .fl_prev_side
0023DF .fl_prev_sector
0023DE .fl_prev_track
0023DD .fl_file_next_sector
0023DC .fl_file_next_track
0023DB .fl_current_track
0023DA .fastload_request_stashed
002400 .fastload_sector_buffer
002385 .fl_waiting_done
002378 .fl_error
0023D9 .fastload_request
002700 .fastload_irq
0023D5 .fastload_address
002357 .fl_set_startaddress
0023D4 .fastload_filename_len
002352 .endofname
002343 .filenamecopyloop
0023C4 .fastload_filename
002348 .fl_fnptr
002331 .fl_set_filename
002308 .irq2
003F06 .ui_user_update
003EF6 .ui_update
0022DF .loop
0022E5 .irq1
003943 .ui_setup
003827 .ui_init
002AA0 .mouse_init
00232B .fl_exit
00236C .fl_waiting
002325 .fl_init
002386 .fastload_irq_handler
0037E5 .clearcolorramjob
002100 .entry_main
00200F .basicend
